------------------------------------------------------------
Timing Analyzer Summary
------------------------------------------------------------

Type  : Slow 1200mV 85C Model Setup 'ETH_TX_CLK'
Slack : 0.584
TNS   : 0.000

Type  : Slow 1200mV 85C Model Setup 'ETH_RXC'
Slack : 0.661
TNS   : 0.000

Type  : Slow 1200mV 85C Model Setup 'SYS_CLK'
Slack : 4.738
TNS   : 0.000

Type  : Slow 1200mV 85C Model Hold 'ETH_RXC'
Slack : 0.421
TNS   : 0.000

Type  : Slow 1200mV 85C Model Hold 'ETH_TX_CLK'
Slack : 0.429
TNS   : 0.000

Type  : Slow 1200mV 85C Model Hold 'SYS_CLK'
Slack : 0.448
TNS   : 0.000

Type  : Slow 1200mV 85C Model Recovery 'SYS_CLK'
Slack : 9.684
TNS   : 0.000

Type  : Slow 1200mV 85C Model Removal 'SYS_CLK'
Slack : 5.570
TNS   : 0.000

Type  : Slow 1200mV 85C Model Minimum Pulse Width 'ETH_RXC'
Slack : 3.648
TNS   : 0.000

Type  : Slow 1200mV 85C Model Minimum Pulse Width 'ETH_TX_CLK'
Slack : 3.654
TNS   : 0.000

Type  : Slow 1200mV 85C Model Minimum Pulse Width 'SYS_CLK'
Slack : 9.642
TNS   : 0.000

Type  : Slow 1200mV 0C Model Setup 'ETH_TX_CLK'
Slack : 0.987
TNS   : 0.000

Type  : Slow 1200mV 0C Model Setup 'ETH_RXC'
Slack : 1.178
TNS   : 0.000

Type  : Slow 1200mV 0C Model Setup 'SYS_CLK'
Slack : 5.620
TNS   : 0.000

Type  : Slow 1200mV 0C Model Hold 'ETH_TX_CLK'
Slack : 0.379
TNS   : 0.000

Type  : Slow 1200mV 0C Model Hold 'ETH_RXC'
Slack : 0.396
TNS   : 0.000

Type  : Slow 1200mV 0C Model Hold 'SYS_CLK'
Slack : 0.397
TNS   : 0.000

Type  : Slow 1200mV 0C Model Recovery 'SYS_CLK'
Slack : 10.436
TNS   : 0.000

Type  : Slow 1200mV 0C Model Removal 'SYS_CLK'
Slack : 4.971
TNS   : 0.000

Type  : Slow 1200mV 0C Model Minimum Pulse Width 'ETH_RXC'
Slack : 3.532
TNS   : 0.000

Type  : Slow 1200mV 0C Model Minimum Pulse Width 'ETH_TX_CLK'
Slack : 3.641
TNS   : 0.000

Type  : Slow 1200mV 0C Model Minimum Pulse Width 'SYS_CLK'
Slack : 9.644
TNS   : 0.000

Type  : Fast 1200mV 0C Model Setup 'ETH_TX_CLK'
Slack : 4.679
TNS   : 0.000

Type  : Fast 1200mV 0C Model Setup 'ETH_RXC'
Slack : 4.761
TNS   : 0.000

Type  : Fast 1200mV 0C Model Setup 'SYS_CLK'
Slack : 11.184
TNS   : 0.000

Type  : Fast 1200mV 0C Model Hold 'ETH_RXC'
Slack : 0.142
TNS   : 0.000

Type  : Fast 1200mV 0C Model Hold 'ETH_TX_CLK'
Slack : 0.176
TNS   : 0.000

Type  : Fast 1200mV 0C Model Hold 'SYS_CLK'
Slack : 0.184
TNS   : 0.000

Type  : Fast 1200mV 0C Model Recovery 'SYS_CLK'
Slack : 13.058
TNS   : 0.000

Type  : Fast 1200mV 0C Model Removal 'SYS_CLK'
Slack : 2.708
TNS   : 0.000

Type  : Fast 1200mV 0C Model Minimum Pulse Width 'ETH_RXC'
Slack : 3.135
TNS   : 0.000

Type  : Fast 1200mV 0C Model Minimum Pulse Width 'ETH_TX_CLK'
Slack : 3.753
TNS   : 0.000

Type  : Fast 1200mV 0C Model Minimum Pulse Width 'SYS_CLK'
Slack : 9.207
TNS   : 0.000

------------------------------------------------------------
